!*******************************************************************************************
! SVN map files format
! <type>@<id>=SVN,<tag>[:revision],<svnRepositoryURL>,<preTagPath>,<postTagPath>
!*******************************************************************************************

feature@com.atlassian.connector.eclipse=COPY,@buildDirectory@/../../../,com.atlassian.connector.eclipse-feature
feature@com.atlassian.connector.eclipse.bamboo=COPY,@buildDirectory@/../../../,com.atlassian.connector.eclipse.bamboo-feature
feature@com.atlassian.connector.eclipse.crucible=COPY,@buildDirectory@/../../../,com.atlassian.connector.eclipse.crucible-feature
feature@com.atlassian.connector.eclipse.fisheye=COPY,@buildDirectory@/../../../,com.atlassian.connector.eclipse.fisheye-feature
feature@com.atlassian.connector.eclipse.perforce=COPY,@buildDirectory@/../../../,com.atlassian.connector.eclipse.perforce-feature
feature@com.atlassian.connector.eclipse.subclipse=COPY,@buildDirectory@/../../../,com.atlassian.connector.eclipse.subclipse-feature
feature@com.atlassian.connector.eclipse.subversive=COPY,@buildDirectory@/../../../,com.atlassian.connector.eclipse.subversive-feature
feature@com.atlassian.connector.eclipse.cvs=COPY,@buildDirectory@/../../../,com.atlassian.connector.eclipse.cvs-feature
feature@com.atlassian.connector.eclipse.dependencies=COPY,@buildDirectory@/../../../,com.atlassian.connector.eclipse.dependencies-feature
feature@com.atlassian.connector.eclipse.jira=COPY,@buildDirectory@/../../../,com.atlassian.connector.eclipse.jira-feature
feature@org.eclipse.mylyn.jira_feature=COPY,@buildDirectory@/../../../,org.eclipse.mylyn.jira-feature
feature@com.atlassian.connector.eclipse.test=COPY,@buildDirectory@/../../../,com.atlassian.connector.eclipse.test-feature
feature@com.atlassian.connector.eclipse.monitor=COPY,@buildDirectory@/../../../,com.atlassian.connector.eclipse.monitor-feature
feature@com.atlassian.connector.commons=COPY,@buildDirectory@/../../../,com.atlassian.connector.commons-feature
feature@com.atlassian.connector.eclipse.commons=COPY,@buildDirectory@/../../../,com.atlassian.connector.eclipse.commons-feature

plugin@com.atlassian.connector.eclipse.core=COPY,@buildDirectory@/../../../,com.atlassian.connector.eclipse.core
plugin@com.atlassian.connector.eclipse.bamboo.core=COPY,@buildDirectory@/../../../,com.atlassian.connector.eclipse.bamboo.core
plugin@com.atlassian.connector.eclipse.bamboo.tests=COPY,@buildDirectory@/../../../,com.atlassian.connector.eclipse.bamboo.tests
plugin@com.atlassian.connector.eclipse.bamboo.ui=COPY,@buildDirectory@/../../../,com.atlassian.connector.eclipse.bamboo.ui
plugin@com.atlassian.connector.eclipse.branding.ui=COPY,@buildDirectory@/../../../,com.atlassian.connector.eclipse.branding.ui
plugin@com.atlassian.connector.eclipse.commons.core=COPY,@buildDirectory@/../../../,com.atlassian.connector.eclipse.commons.core
plugin@com.atlassian.connector.eclipse.commons.ui=COPY,@buildDirectory@/../../../,com.atlassian.connector.eclipse.commons.ui
plugin@com.atlassian.connector.eclipse.crucible.core=COPY,@buildDirectory@/../../../,com.atlassian.connector.eclipse.crucible.core
plugin@com.atlassian.connector.eclipse.crucible.tests=COPY,@buildDirectory@/../../../,com.atlassian.connector.eclipse.crucible.tests
plugin@com.atlassian.connector.eclipse.crucible.ui=COPY,@buildDirectory@/../../../,com.atlassian.connector.eclipse.crucible.ui
plugin@com.atlassian.connector.eclipse.fisheye.core=COPY,@buildDirectory@/../../../,com.atlassian.connector.eclipse.fisheye.core
plugin@com.atlassian.connector.eclipse.fisheye.tests=COPY,@buildDirectory@/../../../,com.atlassian.connector.eclipse.fisheye.tests
plugin@com.atlassian.connector.eclipse.fisheye.ui=COPY,@buildDirectory@/../../../,com.atlassian.connector.eclipse.fisheye.ui
plugin@com.atlassian.connector.eclipse.perforce.core=COPY,@buildDirectory@/../../../,com.atlassian.connector.eclipse.perforce.core
plugin@com.atlassian.connector.eclipse.perforce.ui=COPY,@buildDirectory@/../../../,com.atlassian.connector.eclipse.perforce.ui
plugin@com.atlassian.connector.eclipse.subclipse.ui=COPY,@buildDirectory@/../../../,com.atlassian.connector.eclipse.subclipse.ui
plugin@com.atlassian.connector.eclipse.subclipse.core=COPY,@buildDirectory@/../../../,com.atlassian.connector.eclipse.subclipse.core
plugin@com.atlassian.connector.eclipse.cvs.ui=COPY,@buildDirectory@/../../../,com.atlassian.connector.eclipse.cvs.ui
plugin@com.atlassian.connector.eclipse.cvs.core=COPY,@buildDirectory@/../../../,com.atlassian.connector.eclipse.cvs.core
plugin@com.atlassian.connector.eclipse.subversive.ui=COPY,@buildDirectory@/../../../,com.atlassian.connector.eclipse.subversive.ui
plugin@com.atlassian.connector.eclipse.subversive.core=COPY,@buildDirectory@/../../../,com.atlassian.connector.eclipse.subversive.core
plugin@com.atlassian.connector.eclipse.tests=COPY,@buildDirectory@/../../../,com.atlassian.connector.eclipse.tests
plugin@com.atlassian.connector.eclipse.ui=COPY,@buildDirectory@/../../../,com.atlassian.connector.eclipse.ui
plugin@com.atlassian.connector.eclipse.help=COPY,@buildDirectory@/../../../,com.atlassian.connector.eclipse.help
plugin@com.atlassian.connector.eclipse.directclickthrough.ui=COPY,@buildDirectory@/../../../,com.atlassian.connector.eclipse.directclickthrough.ui
plugin@com.atlassian.connector.eclipse.monitor.core=COPY,@buildDirectory@/../../../,com.atlassian.connector.eclipse.monitor.core
plugin@com.atlassian.connector.eclipse.monitor.ui=COPY,@buildDirectory@/../../../,com.atlassian.connector.eclipse.monitor.ui
plugin@com.atlassian.connector.eclipse.team.ui=COPY,@buildDirectory@/../../../,com.atlassian.connector.eclipse.team.ui
plugin@com.atlassian.connector.eclipse.team.tests=COPY,@buildDirectory@/../../../,com.atlassian.connector.eclipse.team.tests
plugin@org.eclipse.mylyn.jira.core=COPY,@buildDirectory@/../../../,org.eclipse.mylyn.jira.core
plugin@org.eclipse.mylyn.jira.ui=COPY,@buildDirectory@/../../../,org.eclipse.mylyn.jira.ui
plugin@org.eclipse.mylyn.jira.tests=COPY,@buildDirectory@/../../../,org.eclipse.mylyn.jira.tests
plugin@com.atlassian.connector.eclipse.jira.core=COPY,@buildDirectory@/../../../,com.atlassian.connector.eclipse.jira.core
plugin@com.atlassian.connector.eclipse.jira.ui=COPY,@buildDirectory@/../../../,com.atlassian.connector.eclipse.jira.ui
plugin@com.atlassian.connector.eclipse.jira.tests=COPY,@buildDirectory@/../../../,com.atlassian.connector.eclipse.jira.tests

plugin@com.atlassian.connector.commons=SVN,tags,https://studio.atlassian.com/svn/ACC/,com.atlassian.connector.commons,hg-migration
!plugin@com.atlassian.connector.commons=SVN,tags,https://studio.atlassian.com/svn/ACC,,atlassian-connector-commons-3.1.4
plugin@com.atlassian.connector.commons.tests.dependencies=COPY,@buildDirectory@/../../../,com.atlassian.connector.commons.tests.dependencies

!**************************************************
! 3rd party plugins
!**************************************************
plugin@com.thoughtworks.xstream=GET,file://@buildDirectory@/../../../bundles/com.thoughtworks.xstream_1.3.0.v20100826-1640.jar
plugin@org.joda.time=GET,file://@buildDirectory@/../../../bundles/org.joda.time_1.6.0.v20081202-0100.jar
plugin@org.jdom_jaxen=GET,file://@buildDirectory@/../../../bundles/org.jdom_jaxen_1.0.0.20081203-1100.jar
plugin@org.jetbrains.annotations=GET,file://@buildDirectory@/../../../bundles/org.jetbrains.annotations_7.0.2.v20081216-1400.jar
plugin@com.perforce.p4java=GET,file://@buildDirectory@/../../../bundles/com.perforce.p4java_2009.2.234487.jar

!**************************************************
! Mylyn's plugins that are required during release
!**************************************************
plugin@org.eclipse.mylyn.tests.util=e_3_6_m_3_4_x,:pserver:anonymous@dev.eclipse.org:/cvsroot/tools,,org.eclipse.mylyn/org.eclipse.mylyn.tests.util
plugin@org.eclipse.mylyn.commons.tests=e_3_6_m_3_4_x,:pserver:anonymous@dev.eclipse.org:/cvsroot/tools,,org.eclipse.mylyn/org.eclipse.mylyn.commons.tests
plugin@org.eclipse.mylyn.java.tests=e_3_6_m_3_4_x,:pserver:anonymous@dev.eclipse.org:/cvsroot/tools,,org.eclipse.mylyn/org.eclipse.mylyn.java.tests
plugin@org.eclipse.mylyn.resources.tests=e_3_6_m_3_4_x,:pserver:anonymous@dev.eclipse.org:/cvsroot/tools,,org.eclipse.mylyn/org.eclipse.mylyn.resources.tests
plugin@org.eclipse.mylyn.ide.tests=e_3_6_m_3_4_x,:pserver:anonymous@dev.eclipse.org:/cvsroot/tools,,org.eclipse.mylyn/org.eclipse.mylyn.ide.tests
plugin@org.eclipse.mylyn.resources.tests=e_3_6_m_3_4_x,:pserver:anonymous@dev.eclipse.org:/cvsroot/tools,,org.eclipse.mylyn/org.eclipse.mylyn.resources.tests
plugin@org.eclipse.mylyn.context.tests=e_3_6_m_3_4_x,:pserver:anonymous@dev.eclipse.org:/cvsroot/tools,,org.eclipse.mylyn/org.eclipse.mylyn.context.tests
plugin@org.eclipse.mylyn.tasks.tests=e_3_6_m_3_4_x,:pserver:anonymous@dev.eclipse.org:/cvsroot/tools,,org.eclipse.mylyn/org.eclipse.mylyn.tasks.tests
