!*******************************************************************************************
! SVN map files format
! <type>@<id>=SVN,<tag>[:revision],<svnRepositoryURL>,<preTagPath>,<postTagPath>
!*******************************************************************************************

feature@com.atlassian.connector.eclipse=SVN,trunk,https://studio.atlassian.com/svn/PLE,,com.atlassian.connector.eclipse-feature
feature@com.atlassian.connector.eclipse.bamboo=SVN,trunk,https://studio.atlassian.com/svn/PLE,,com.atlassian.connector.eclipse.bamboo-feature
feature@com.atlassian.connector.eclipse.crucible=SVN,trunk,https://studio.atlassian.com/svn/PLE,,com.atlassian.connector.eclipse.crucible-feature
feature@com.atlassian.connector.eclipse.fisheye=SVN,trunk,https://studio.atlassian.com/svn/PLE,,com.atlassian.connector.eclipse.fisheye-feature
feature@com.atlassian.connector.eclipse.subclipse=SVN,trunk,https://studio.atlassian.com/svn/PLE,,com.atlassian.connector.eclipse.subclipse-feature
feature@com.atlassian.connector.eclipse.subversive=SVN,trunk,https://studio.atlassian.com/svn/PLE,,com.atlassian.connector.eclipse.subversive-feature
feature@com.atlassian.connector.eclipse.cvs=SVN,trunk,https://studio.atlassian.com/svn/PLE,,com.atlassian.connector.eclipse.cvs-feature
feature@com.atlassian.connector.eclipse.dependencies=SVN,trunk,https://studio.atlassian.com/svn/PLE,,com.atlassian.connector.eclipse.dependencies-feature
feature@com.atlassian.connector.eclipse.jira=SVN,trunk,https://studio.atlassian.com/svn/PLE,,com.atlassian.connector.eclipse.jira-feature
feature@org.eclipse.mylyn.jira_feature=SVN,trunk,https://studio.atlassian.com/svn/PLE,,org.eclipse.mylyn.jira-feature
feature@com.atlassian.connector.eclipse.test=SVN,trunk,https://studio.atlassian.com/svn/PLE,,com.atlassian.connector.eclipse.test-feature
feature@com.atlassian.connector.eclipse.monitor=SVN,trunk,https://studio.atlassian.com/svn/PLE,,com.atlassian.connector.eclipse.monitor-feature
feature@com.atlassian.connector.commons=SVN,trunk,https://studio.atlassian.com/svn/PLE,,com.atlassian.connector.commons-feature

plugin@com.atlassian.connector.eclipse.core=SVN,trunk,https://studio.atlassian.com/svn/PLE,,com.atlassian.connector.eclipse.core
plugin@com.atlassian.connector.eclipse.bamboo.core=SVN,trunk,https://studio.atlassian.com/svn/PLE,,com.atlassian.connector.eclipse.bamboo.core
plugin@com.atlassian.connector.eclipse.bamboo.tests=SVN,trunk,https://studio.atlassian.com/svn/PLE,,com.atlassian.connector.eclipse.bamboo.tests
plugin@com.atlassian.connector.eclipse.bamboo.ui=SVN,trunk,https://studio.atlassian.com/svn/PLE,,com.atlassian.connector.eclipse.bamboo.ui
plugin@com.atlassian.connector.eclipse.crucible.core=SVN,trunk,https://studio.atlassian.com/svn/PLE,,com.atlassian.connector.eclipse.crucible.core
plugin@com.atlassian.connector.eclipse.crucible.tests=SVN,trunk,https://studio.atlassian.com/svn/PLE,,com.atlassian.connector.eclipse.crucible.tests
plugin@com.atlassian.connector.eclipse.crucible.ui=SVN,trunk,https://studio.atlassian.com/svn/PLE,,com.atlassian.connector.eclipse.crucible.ui
plugin@com.atlassian.connector.eclipse.fisheye.core=SVN,trunk,https://studio.atlassian.com/svn/PLE,,com.atlassian.connector.eclipse.fisheye.core
plugin@com.atlassian.connector.eclipse.fisheye.tests=SVN,trunk,https://studio.atlassian.com/svn/PLE,,com.atlassian.connector.eclipse.fisheye.tests
plugin@com.atlassian.connector.eclipse.fisheye.ui=SVN,trunk,https://studio.atlassian.com/svn/PLE,,com.atlassian.connector.eclipse.fisheye.ui
plugin@com.atlassian.connector.eclipse.subclipse.ui=SVN,trunk,https://studio.atlassian.com/svn/PLE,,com.atlassian.connector.eclipse.subclipse.ui
plugin@com.atlassian.connector.eclipse.subclipse.core=SVN,trunk,https://studio.atlassian.com/svn/PLE,,com.atlassian.connector.eclipse.subclipse.core
plugin@com.atlassian.connector.eclipse.cvs.ui=SVN,trunk,https://studio.atlassian.com/svn/PLE,,com.atlassian.connector.eclipse.cvs.ui
plugin@com.atlassian.connector.eclipse.cvs.core=SVN,trunk,https://studio.atlassian.com/svn/PLE,,com.atlassian.connector.eclipse.cvs.core
plugin@com.atlassian.connector.eclipse.subversive.ui=SVN,trunk,https://studio.atlassian.com/svn/PLE,,com.atlassian.connector.eclipse.subversive.ui
plugin@com.atlassian.connector.eclipse.subversive.core=SVN,trunk,https://studio.atlassian.com/svn/PLE,,com.atlassian.connector.eclipse.subversive.core
plugin@com.atlassian.connector.eclipse.tests=SVN,trunk,https://studio.atlassian.com/svn/PLE,,com.atlassian.connector.eclipse.tests
plugin@com.atlassian.connector.eclipse.ui=SVN,trunk,https://studio.atlassian.com/svn/PLE,,com.atlassian.connector.eclipse.ui
plugin@com.atlassian.connector.eclipse.help=SVN,trunk,https://studio.atlassian.com/svn/PLE,,com.atlassian.connector.eclipse.help
plugin@com.atlassian.connector.eclipse.directclickthrough.ui=SVN,trunk,https://studio.atlassian.com/svn/PLE,,com.atlassian.connector.eclipse.directclickthrough.ui
plugin@com.atlassian.connector.eclipse.monitor.usage=SVN,trunk,https://studio.atlassian.com/svn/PLE,,com.atlassian.connector.eclipse.monitor.usage
plugin@com.atlassian.connector.eclipse.team.ui=SVN,trunk,https://studio.atlassian.com/svn/PLE,,com.atlassian.connector.eclipse.team.ui
plugin@org.eclipse.mylyn.jira.core=SVN,trunk,https://studio.atlassian.com/svn/PLE,,org.eclipse.mylyn.jira.core
plugin@org.eclipse.mylyn.jira.ui=SVN,trunk,https://studio.atlassian.com/svn/PLE,,org.eclipse.mylyn.jira.ui
plugin@org.eclipse.mylyn.jira.tests=SVN,trunk,https://studio.atlassian.com/svn/PLE,,org.eclipse.mylyn.jira.tests
plugin@com.atlassian.connector.eclipse.jira.core=SVN,trunk,https://studio.atlassian.com/svn/PLE,,com.atlassian.connector.eclipse.jira.core
plugin@com.atlassian.connector.eclipse.jira.ui=SVN,trunk,https://studio.atlassian.com/svn/PLE,,com.atlassian.connector.eclipse.jira.ui
plugin@com.atlassian.connector.eclipse.jira.tests=SVN,trunk,https://studio.atlassian.com/svn/PLE,,com.atlassian.connector.eclipse.jira.tests

plugin@com.atlassian.connector.commons=SVN,trunk,https://studio.atlassian.com/svn/ACC,,com.atlassian.connector.commons
!plugin@com.atlassian.connector.commons=SVN,tags,https://studio.atlassian.com/svn/ACC,,atlassian-connector-commons-3.1.4
plugin@com.atlassian.connector.commons.tests.dependencies=SVN,trunk,https://studio.atlassian.com/svn/PLE,,com.atlassian.connector.commons.tests.dependencies


!plugin@com.thoughtworks.xstream=SVN,trunk,https://studio.atlassian.com/svn/PLE,,com.thoughtworks.xstream
!plugin@org.joda.time=SVN,trunk,https://studio.atlassian.com/svn/PLE,,org.joda.time
!plugin@org.jdom_jaxen=SVN,trunk,https://studio.atlassian.com/svn/PLE,,org.jdom_jaxen
plugin@com.thoughtworks.xstream=GET,https://studio.atlassian.com/svn/PLE/trunk/bundles/com.thoughtworks.xstream_1.3.0.v20090224-1640.jar
plugin@org.joda.time=GET,https://studio.atlassian.com/svn/PLE/trunk/bundles/org.joda.time_1.6.0.v20081202-0100.jar
plugin@org.jdom_jaxen=GET,https://studio.atlassian.com/svn/PLE/trunk/bundles/org.jdom_jaxen_1.0.0.20081203-1100.jar
plugin@org.jetbrains.annotations=GET,https://studio.atlassian.com/svn/PLE/trunk/bundles/org.jetbrains.annotations_7.0.2.v20081216-1400.jar
plugin@scala.library=GET,https://studio.atlassian.com/svn/PLE/trunk/bundles/scala.library_2.7.7.final.jar

plugin@javax.activation,1.1.0=GET,http://eclipse.unixheads.org/tools/orbit/downloads/drops/R20090825191606/bundles/javax.activation_1.1.0.v200906290531.jar