!*******************************************************************************************
! SVN map files format
! <type>@<id>=SVN,<tag>[:revision],<svnRepositoryURL>,<preTagPath>,<postTagPath>
!*******************************************************************************************

feature@com.atlassian.connector.eclipse_feature=SVN,trunk,https://studio.atlassian.com/svn/PLE,,com.atlassian.connector.eclipse-feature

plugin@com.atlassian.connector.eclipse.core=SVN,trunk,https://studio.atlassian.com/svn/PLE,,com.atlassian.connector.eclipse.core
plugin@com.atlassian.connector.eclipse.crucible.core=SVN,trunk,https://studio.atlassian.com/svn/PLE,,com.atlassian.connector.eclipse.crucible.core
plugin@com.atlassian.connector.eclipse.crucible.ui=SVN,trunk,https://studio.atlassian.com/svn/PLE,,com.atlassian.connector.eclipse.crucible.ui
plugin@com.atlassian.connector.eclipse.ui=SVN,trunk,https://studio.atlassian.com/svn/PLE,,com.atlassian.connector.eclipse.ui

plugin@com.atlassian.connector.commons=SVN,trunk,https://studio.atlassian.com/svn/ACC,,com.atlassian.connector.commons

!plugin@com.thoughtworks.xstream=SVN,trunk,https://studio.atlassian.com/svn/PLE,,com.thoughtworks.xstream
!plugin@org.joda.time=SVN,trunk,https://studio.atlassian.com/svn/PLE,,org.joda.time
plugin@com.thoughtworks.xstream=GET,https://studio.atlassian.com/svn/PLE/trunk/bundles/com.thoughtworks.xstream_1.3.0.v20081202-0100.jar
plugin@org.joda.time=GET,https://studio.atlassian.com/svn/PLE/trunk/bundles/org.joda.time_1.6.0.v20081202-0100.jar
