!*******  FEATURES   ******** 
feature@org.eclipse.mylyn_feature=R_3_3_0,:pserver:anonymous@dev.eclipse.org:/cvsroot/tools,,org.eclipse.mylyn/org.eclipse.mylyn-feature
feature@org.eclipse.mylyn.context_feature=R_3_3_0,:pserver:anonymous@dev.eclipse.org:/cvsroot/tools,,org.eclipse.mylyn/org.eclipse.mylyn.context-feature
feature@org.eclipse.mylyn.bugzilla_feature=R_3_3_0,:pserver:anonymous@dev.eclipse.org:/cvsroot/tools,,org.eclipse.mylyn/org.eclipse.mylyn.bugzilla-feature
feature@org.eclipse.mylyn.java_feature=R_3_3_0,:pserver:anonymous@dev.eclipse.org:/cvsroot/tools,,org.eclipse.mylyn/org.eclipse.mylyn.java-feature
feature@org.eclipse.mylyn.team_feature=R_3_3_0,:pserver:anonymous@dev.eclipse.org:/cvsroot/tools,,org.eclipse.mylyn/org.eclipse.mylyn.team-feature
feature@org.eclipse.mylyn.ide_feature=R_3_3_0,:pserver:anonymous@dev.eclipse.org:/cvsroot/tools,,org.eclipse.mylyn/org.eclipse.mylyn.ide-feature
feature@org.eclipse.mylyn.pde_feature=R_3_3_0,:pserver:anonymous@dev.eclipse.org:/cvsroot/tools,,org.eclipse.mylyn/org.eclipse.mylyn.pde-feature
feature@org.eclipse.mylyn.sdk_feature=R_3_3_0,:pserver:anonymous@dev.eclipse.org:/cvsroot/tools,,org.eclipse.mylyn/org.eclipse.mylyn.sdk-feature

!******* EXTRAS ***********
feature@org.eclipse.mylyn.trac_feature=R_3_3_0,:pserver:anonymous@dev.eclipse.org:/cvsroot/tools,,org.eclipse.mylyn/org.eclipse.mylyn.trac-feature
feature@org.eclipse.mylyn.web.tasks_feature=R_3_3_0,:pserver:anonymous@dev.eclipse.org:/cvsroot/tools,,org.eclipse.mylyn/org.eclipse.mylyn.web.tasks-feature
feature@org.eclipse.mylyn.extras_sdk_feature=R_3_3_0,:pserver:anonymous@dev.eclipse.org:/cvsroot/tools,,org.eclipse.mylyn/org.eclipse.mylyn.extras-sdk-feature

!******* INCUBATOR *******
feature@org.eclipse.mylyn.monitor_feature=R_3_3_0,:pserver:anonymous@dev.eclipse.org:/cvsroot/tools,,org.eclipse.mylyn/org.eclipse.mylyn.monitor-feature
feature@org.eclipse.mylyn.xplanner_feature=R_3_3_0,:pserver:anonymous@dev.eclipse.org:/cvsroot/tools,,org.eclipse.mylyn/sandbox/org.eclipse.mylyn.xplanner-feature
feature@org.eclipse.mylyn.sandbox.ui_feature=R_3_3_0,:pserver:anonymous@dev.eclipse.org:/cvsroot/tools,,org.eclipse.mylyn/sandbox/org.eclipse.mylyn.sandbox.ui-feature
feature@org.eclipse.mylyn.sandbox.dev_feature=R_3_3_0,:pserver:anonymous@dev.eclipse.org:/cvsroot/tools,,org.eclipse.mylyn/sandbox/org.eclipse.mylyn.sandbox.dev-feature
feature@org.eclipse.mylyn.trac.wiki_feature=R_3_3_0,:pserver:anonymous@dev.eclipse.org:/cvsroot/tools,,org.eclipse.mylyn/sandbox/org.eclipse.mylyn.trac.wiki-feature
feature@org.eclipse.mylyn.wikitext_feature=R_3_3_0,:pserver:anonymous@dev.eclipse.org:/cvsroot/tools,,org.eclipse.mylyn/org.eclipse.mylyn.wikitext-feature
feature@org.eclipse.mylyn.experimental_sdk_feature=R_3_3_0,:pserver:anonymous@dev.eclipse.org:/cvsroot/tools,,org.eclipse.mylyn/sandbox/org.eclipse.mylyn.experimental-sdk-feature

!******* OTHER *******
feature@org.eclipse.mylyn.test_feature=R_3_3_0,:pserver:anonymous@dev.eclipse.org:/cvsroot/tools,,org.eclipse.mylyn/org.eclipse.mylyn.test-feature


!******* PLUGINS **********
plugin@org.eclipse.mylyn=R_3_3_0,:pserver:anonymous@dev.eclipse.org:/cvsroot/tools,,org.eclipse.mylyn/org.eclipse.mylyn
plugin@org.eclipse.mylyn.bugzilla.core=R_3_3_0,:pserver:anonymous@dev.eclipse.org:/cvsroot/tools,,org.eclipse.mylyn/org.eclipse.mylyn.bugzilla.core
plugin@org.eclipse.mylyn.bugzilla.ide=R_3_3_0,:pserver:anonymous@dev.eclipse.org:/cvsroot/tools,,org.eclipse.mylyn/org.eclipse.mylyn.bugzilla.ide
plugin@org.eclipse.mylyn.bugzilla.ui=R_3_3_0,:pserver:anonymous@dev.eclipse.org:/cvsroot/tools,,org.eclipse.mylyn/org.eclipse.mylyn.bugzilla.ui
plugin@org.eclipse.mylyn.commons.core=R_3_3_0,:pserver:anonymous@dev.eclipse.org:/cvsroot/tools,,org.eclipse.mylyn/org.eclipse.mylyn.commons.core
plugin@org.eclipse.mylyn.commons.net=R_3_3_0,:pserver:anonymous@dev.eclipse.org:/cvsroot/tools,,org.eclipse.mylyn/org.eclipse.mylyn.commons.net
plugin@org.eclipse.mylyn.commons.soap=R_3_3_0,:pserver:anonymous@dev.eclipse.org:/cvsroot/tools,,org.eclipse.mylyn/org.eclipse.mylyn.commons.soap
plugin@org.eclipse.mylyn.commons.ui=R_3_3_0,:pserver:anonymous@dev.eclipse.org:/cvsroot/tools,,org.eclipse.mylyn/org.eclipse.mylyn.commons.ui
plugin@org.eclipse.mylyn.compatibility=R_3_3_0,:pserver:anonymous@dev.eclipse.org:/cvsroot/tools,,org.eclipse.mylyn/org.eclipse.mylyn.compatibility
plugin@org.eclipse.mylyn.context.core=R_3_3_0,:pserver:anonymous@dev.eclipse.org:/cvsroot/tools,,org.eclipse.mylyn/org.eclipse.mylyn.context.core
plugin@org.eclipse.mylyn.context.ui=R_3_3_0,:pserver:anonymous@dev.eclipse.org:/cvsroot/tools,,org.eclipse.mylyn/org.eclipse.mylyn.context.ui
plugin@org.eclipse.mylyn.help.ui=R_3_3_0,:pserver:anonymous@dev.eclipse.org:/cvsroot/tools,,org.eclipse.mylyn/org.eclipse.mylyn.help.ui
plugin@org.eclipse.mylyn.ide.ui=R_3_3_0,:pserver:anonymous@dev.eclipse.org:/cvsroot/tools,,org.eclipse.mylyn/org.eclipse.mylyn.ide.ui
plugin@org.eclipse.mylyn.ide.ant=R_3_3_0,:pserver:anonymous@dev.eclipse.org:/cvsroot/tools,,org.eclipse.mylyn/org.eclipse.mylyn.ide.ant
plugin@org.eclipse.mylyn.java.tasks=R_3_3_0,:pserver:anonymous@dev.eclipse.org:/cvsroot/tools,,org.eclipse.mylyn/org.eclipse.mylyn.java.tasks
plugin@org.eclipse.mylyn.java.ui=R_3_3_0,:pserver:anonymous@dev.eclipse.org:/cvsroot/tools,,org.eclipse.mylyn/org.eclipse.mylyn.java.ui
plugin@org.eclipse.mylyn.monitor.core=R_3_3_0,:pserver:anonymous@dev.eclipse.org:/cvsroot/tools,,org.eclipse.mylyn/org.eclipse.mylyn.monitor.core
plugin@org.eclipse.mylyn.monitor.reports=R_3_3_0,:pserver:anonymous@dev.eclipse.org:/cvsroot/tools,,org.eclipse.mylyn/sandbox/org.eclipse.mylyn.monitor.reports
plugin@org.eclipse.mylyn.monitor.ui=R_3_3_0,:pserver:anonymous@dev.eclipse.org:/cvsroot/tools,,org.eclipse.mylyn/org.eclipse.mylyn.monitor.ui
plugin@org.eclipse.mylyn.monitor.usage=R_3_3_0,:pserver:anonymous@dev.eclipse.org:/cvsroot/tools,,org.eclipse.mylyn/org.eclipse.mylyn.monitor.usage
plugin@org.eclipse.mylyn.pde.ui=R_3_3_0,:pserver:anonymous@dev.eclipse.org:/cvsroot/tools,,org.eclipse.mylyn/org.eclipse.mylyn.pde.ui
plugin@org.eclipse.mylyn.resources.ui=R_3_3_0,:pserver:anonymous@dev.eclipse.org:/cvsroot/tools,,org.eclipse.mylyn/org.eclipse.mylyn.resources.ui
plugin@org.eclipse.mylyn.sandbox.ui=R_3_3_0,:pserver:anonymous@dev.eclipse.org:/cvsroot/tools,,org.eclipse.mylyn/sandbox/org.eclipse.mylyn.sandbox.ui
plugin@org.eclipse.mylyn.sandbox.dev=R_3_3_0,:pserver:anonymous@dev.eclipse.org:/cvsroot/tools,,org.eclipse.mylyn/sandbox/org.eclipse.mylyn.sandbox.dev
plugin@org.eclipse.mylyn.tasks.bugs=R_3_3_0,:pserver:anonymous@dev.eclipse.org:/cvsroot/tools,,org.eclipse.mylyn/org.eclipse.mylyn.tasks.bugs
plugin@org.eclipse.mylyn.tasks.core=R_3_3_0,:pserver:anonymous@dev.eclipse.org:/cvsroot/tools,,org.eclipse.mylyn/org.eclipse.mylyn.tasks.core
!plugin@org.eclipse.mylyn.tasks.search=R_3_3_0,:pserver:anonymous@dev.eclipse.org:/cvsroot/tools,,org.eclipse.mylyn/org.eclipse.mylyn.tasks.search
plugin@org.eclipse.mylyn.tasks.ui=R_3_3_0,:pserver:anonymous@dev.eclipse.org:/cvsroot/tools,,org.eclipse.mylyn/org.eclipse.mylyn.tasks.ui
plugin@org.eclipse.mylyn.team.cvs=R_3_3_0,:pserver:anonymous@dev.eclipse.org:/cvsroot/tools,,org.eclipse.mylyn/org.eclipse.mylyn.team.cvs
plugin@org.eclipse.mylyn.team.ui=R_3_3_0,:pserver:anonymous@dev.eclipse.org:/cvsroot/tools,,org.eclipse.mylyn/org.eclipse.mylyn.team.ui
plugin@org.eclipse.mylyn.trac.core=R_3_3_0,:pserver:anonymous@dev.eclipse.org:/cvsroot/tools,,org.eclipse.mylyn/org.eclipse.mylyn.trac.core
plugin@org.eclipse.mylyn.trac.ui=R_3_3_0,:pserver:anonymous@dev.eclipse.org:/cvsroot/tools,,org.eclipse.mylyn/org.eclipse.mylyn.trac.ui
plugin@org.eclipse.mylyn.trac.wiki=R_3_3_0,:pserver:anonymous@dev.eclipse.org:/cvsroot/tools,,org.eclipse.mylyn/sandbox/org.eclipse.mylyn.trac.wiki
plugin@org.eclipse.mylyn.web.ui=R_3_3_0,:pserver:anonymous@dev.eclipse.org:/cvsroot/tools,,org.eclipse.mylyn/org.eclipse.mylyn.web.ui
plugin@org.eclipse.mylyn.web.tasks=R_3_3_0,:pserver:anonymous@dev.eclipse.org:/cvsroot/tools,,org.eclipse.mylyn/org.eclipse.mylyn.web.tasks
plugin@org.eclipse.mylyn.wikitext.confluence.core=R_3_3_0,:pserver:anonymous@dev.eclipse.org:/cvsroot/tools,,org.eclipse.mylyn/org.eclipse.mylyn.wikitext.confluence.core
plugin@org.eclipse.mylyn.wikitext.confluence.ui=R_3_3_0,:pserver:anonymous@dev.eclipse.org:/cvsroot/tools,,org.eclipse.mylyn/org.eclipse.mylyn.wikitext.confluence.ui
plugin@org.eclipse.mylyn.wikitext.core=R_3_3_0,:pserver:anonymous@dev.eclipse.org:/cvsroot/tools,,org.eclipse.mylyn/org.eclipse.mylyn.wikitext.core
plugin@org.eclipse.mylyn.wikitext.mediawiki.core=R_3_3_0,:pserver:anonymous@dev.eclipse.org:/cvsroot/tools,,org.eclipse.mylyn/org.eclipse.mylyn.wikitext.mediawiki.core
plugin@org.eclipse.mylyn.wikitext.mediawiki.ui=R_3_3_0,:pserver:anonymous@dev.eclipse.org:/cvsroot/tools,,org.eclipse.mylyn/org.eclipse.mylyn.wikitext.mediawiki.ui
plugin@org.eclipse.mylyn.wikitext.tasks.ui=R_3_3_0,:pserver:anonymous@dev.eclipse.org:/cvsroot/tools,,org.eclipse.mylyn/org.eclipse.mylyn.wikitext.tasks.ui
plugin@org.eclipse.mylyn.wikitext.textile.core=R_3_3_0,:pserver:anonymous@dev.eclipse.org:/cvsroot/tools,,org.eclipse.mylyn/org.eclipse.mylyn.wikitext.textile.core
plugin@org.eclipse.mylyn.wikitext.textile.ui=R_3_3_0,:pserver:anonymous@dev.eclipse.org:/cvsroot/tools,,org.eclipse.mylyn/org.eclipse.mylyn.wikitext.textile.ui
plugin@org.eclipse.mylyn.wikitext.tracwiki.core=R_3_3_0,:pserver:anonymous@dev.eclipse.org:/cvsroot/tools,,org.eclipse.mylyn/org.eclipse.mylyn.wikitext.tracwiki.core
plugin@org.eclipse.mylyn.wikitext.tracwiki.ui=R_3_3_0,:pserver:anonymous@dev.eclipse.org:/cvsroot/tools,,org.eclipse.mylyn/org.eclipse.mylyn.wikitext.tracwiki.ui
plugin@org.eclipse.mylyn.wikitext.twiki.core=R_3_3_0,:pserver:anonymous@dev.eclipse.org:/cvsroot/tools,,org.eclipse.mylyn/org.eclipse.mylyn.wikitext.twiki.core
plugin@org.eclipse.mylyn.wikitext.twiki.ui=R_3_3_0,:pserver:anonymous@dev.eclipse.org:/cvsroot/tools,,org.eclipse.mylyn/org.eclipse.mylyn.wikitext.twiki.ui
plugin@org.eclipse.mylyn.wikitext.ui=R_3_3_0,:pserver:anonymous@dev.eclipse.org:/cvsroot/tools,,org.eclipse.mylyn/org.eclipse.mylyn.wikitext.ui
plugin@org.eclipse.mylyn.xplanner.core=R_3_3_0,:pserver:anonymous@dev.eclipse.org:/cvsroot/tools,,org.eclipse.mylyn/sandbox/org.eclipse.mylyn.xplanner.core
plugin@org.eclipse.mylyn.xplanner.ui=R_3_3_0,:pserver:anonymous@dev.eclipse.org:/cvsroot/tools,,org.eclipse.mylyn/sandbox/org.eclipse.mylyn.xplanner.ui

plugin@org.eclipse.mylyn.tests.util=HEAD,:pserver:anonymous@dev.eclipse.org:/cvsroot/tools,,org.eclipse.mylyn/org.eclipse.mylyn.tests.util
plugin@org.eclipse.mylyn.commons.tests=R_3_3_0,:pserver:anonymous@dev.eclipse.org:/cvsroot/tools,,org.eclipse.mylyn/org.eclipse.mylyn.commons.tests
plugin@org.eclipse.mylyn.tests=R_3_3_0,:pserver:anonymous@dev.eclipse.org:/cvsroot/tools,,org.eclipse.mylyn/org.eclipse.mylyn.tests
plugin@org.eclipse.mylyn.bugzilla.tests=R_3_3_0,:pserver:anonymous@dev.eclipse.org:/cvsroot/tools,,org.eclipse.mylyn/org.eclipse.mylyn.bugzilla.tests
plugin@org.eclipse.mylyn.commons.tests=R_3_3_0,:pserver:anonymous@dev.eclipse.org:/cvsroot/tools,,org.eclipse.mylyn/org.eclipse.mylyn.commons.tests
plugin@org.eclipse.mylyn.context.tests=R_3_3_0,:pserver:anonymous@dev.eclipse.org:/cvsroot/tools,,org.eclipse.mylyn/org.eclipse.mylyn.context.tests
plugin@org.eclipse.mylyn.ide.tests=R_3_3_0,:pserver:anonymous@dev.eclipse.org:/cvsroot/tools,,org.eclipse.mylyn/org.eclipse.mylyn.ide.tests
plugin@org.eclipse.mylyn.java.tests=R_3_3_0,:pserver:anonymous@dev.eclipse.org:/cvsroot/tools,,org.eclipse.mylyn/org.eclipse.mylyn.java.tests
plugin@org.eclipse.mylyn.monitor.tests=R_3_3_0,:pserver:anonymous@dev.eclipse.org:/cvsroot/tools,,org.eclipse.mylyn/org.eclipse.mylyn.monitor.tests
plugin@org.eclipse.mylyn.resources.tests=R_3_3_0,:pserver:anonymous@dev.eclipse.org:/cvsroot/tools,,org.eclipse.mylyn/org.eclipse.mylyn.resources.tests
plugin@org.eclipse.mylyn.sandbox.tests=R_3_3_0,:pserver:anonymous@dev.eclipse.org:/cvsroot/tools,,org.eclipse.mylyn/sandbox/org.eclipse.mylyn.sandbox.tests
plugin@org.eclipse.mylyn.tasks.tests=R_3_3_0,:pserver:anonymous@dev.eclipse.org:/cvsroot/tools,,org.eclipse.mylyn/org.eclipse.mylyn.tasks.tests
plugin@org.eclipse.mylyn.team.tests=R_3_3_0,:pserver:anonymous@dev.eclipse.org:/cvsroot/tools,,org.eclipse.mylyn/org.eclipse.mylyn.team.tests
plugin@org.eclipse.mylyn.trac.tests=R_3_3_0,:pserver:anonymous@dev.eclipse.org:/cvsroot/tools,,org.eclipse.mylyn/org.eclipse.mylyn.trac.tests
plugin@org.eclipse.mylyn.wikitext.tests=R_3_3_0,:pserver:anonymous@dev.eclipse.org:/cvsroot/tools,,org.eclipse.mylyn/org.eclipse.mylyn.wikitext.tests
plugin@org.eclipse.mylyn.xplanner.tests=R_3_3_0,:pserver:anonymous@dev.eclipse.org:/cvsroot/tools,,org.eclipse.mylyn/sandbox/org.eclipse.mylyn.xplanner.tests
