!*******  FEATURES   ******** 
feature@org.eclipse.mylyn_feature=HEAD,:pserver:anonymous@dev.eclipse.org:/cvsroot/tools,,org.eclipse.mylyn/org.eclipse.mylyn-feature
feature@org.eclipse.mylyn.context_feature=HEAD,:pserver:anonymous@dev.eclipse.org:/cvsroot/tools,,org.eclipse.mylyn/org.eclipse.mylyn.context-feature
feature@org.eclipse.mylyn.bugzilla_feature=HEAD,:pserver:anonymous@dev.eclipse.org:/cvsroot/tools,,org.eclipse.mylyn/org.eclipse.mylyn.bugzilla-feature
feature@org.eclipse.mylyn.java_feature=HEAD,:pserver:anonymous@dev.eclipse.org:/cvsroot/tools,,org.eclipse.mylyn/org.eclipse.mylyn.java-feature
feature@org.eclipse.mylyn.team_feature=HEAD,:pserver:anonymous@dev.eclipse.org:/cvsroot/tools,,org.eclipse.mylyn/org.eclipse.mylyn.team-feature
feature@org.eclipse.mylyn.ide_feature=HEAD,:pserver:anonymous@dev.eclipse.org:/cvsroot/tools,,org.eclipse.mylyn/org.eclipse.mylyn.ide-feature
feature@org.eclipse.mylyn.pde_feature=HEAD,:pserver:anonymous@dev.eclipse.org:/cvsroot/tools,,org.eclipse.mylyn/org.eclipse.mylyn.pde-feature
feature@org.eclipse.mylyn.sdk_feature=HEAD,:pserver:anonymous@dev.eclipse.org:/cvsroot/tools,,org.eclipse.mylyn/org.eclipse.mylyn.sdk-feature
feature@org.eclipse.mylyn.commons=HEAD,:pserver:anonymous@dev.eclipse.org:/cvsroot/tools,,org.eclipse.mylyn/org.eclipse.mylyn.commons-feature

!******* EXTRAS ***********
feature@org.eclipse.mylyn.trac_feature=HEAD,:pserver:anonymous@dev.eclipse.org:/cvsroot/tools,,org.eclipse.mylyn/org.eclipse.mylyn.trac-feature
feature@org.eclipse.mylyn.web.tasks_feature=HEAD,:pserver:anonymous@dev.eclipse.org:/cvsroot/tools,,org.eclipse.mylyn/org.eclipse.mylyn.web.tasks-feature
feature@org.eclipse.mylyn.extras_sdk_feature=HEAD,:pserver:anonymous@dev.eclipse.org:/cvsroot/tools,,org.eclipse.mylyn/org.eclipse.mylyn.extras-sdk-feature

!******* INCUBATOR *******
feature@org.eclipse.mylyn.monitor_feature=HEAD,:pserver:anonymous@dev.eclipse.org:/cvsroot/tools,,org.eclipse.mylyn/org.eclipse.mylyn.monitor-feature
feature@org.eclipse.mylyn.xplanner_feature=HEAD,:pserver:anonymous@dev.eclipse.org:/cvsroot/tools,,org.eclipse.mylyn/sandbox/org.eclipse.mylyn.xplanner-feature
feature@org.eclipse.mylyn.sandbox.ui_feature=HEAD,:pserver:anonymous@dev.eclipse.org:/cvsroot/tools,,org.eclipse.mylyn/sandbox/org.eclipse.mylyn.sandbox.ui-feature
feature@org.eclipse.mylyn.sandbox.dev_feature=HEAD,:pserver:anonymous@dev.eclipse.org:/cvsroot/tools,,org.eclipse.mylyn/sandbox/org.eclipse.mylyn.sandbox.dev-feature
feature@org.eclipse.mylyn.trac.wiki_feature=HEAD,:pserver:anonymous@dev.eclipse.org:/cvsroot/tools,,org.eclipse.mylyn/sandbox/org.eclipse.mylyn.trac.wiki-feature
feature@org.eclipse.mylyn.wikitext_feature=HEAD,:pserver:anonymous@dev.eclipse.org:/cvsroot/tools,,org.eclipse.mylyn/org.eclipse.mylyn.wikitext-feature
feature@org.eclipse.mylyn.experimental_sdk_feature=HEAD,:pserver:anonymous@dev.eclipse.org:/cvsroot/tools,,org.eclipse.mylyn/sandbox/org.eclipse.mylyn.experimental-sdk-feature

!******* OTHER *******
feature@org.eclipse.mylyn.test_feature=HEAD,:pserver:anonymous@dev.eclipse.org:/cvsroot/tools,,org.eclipse.mylyn/org.eclipse.mylyn.test-feature


!******* PLUGINS **********
plugin@org.eclipse.mylyn=HEAD,:pserver:anonymous@dev.eclipse.org:/cvsroot/tools,,org.eclipse.mylyn/org.eclipse.mylyn
plugin@org.eclipse.mylyn.bugzilla.core=HEAD,:pserver:anonymous@dev.eclipse.org:/cvsroot/tools,,org.eclipse.mylyn/org.eclipse.mylyn.bugzilla.core
plugin@org.eclipse.mylyn.bugzilla.ide=HEAD,:pserver:anonymous@dev.eclipse.org:/cvsroot/tools,,org.eclipse.mylyn/org.eclipse.mylyn.bugzilla.ide
plugin@org.eclipse.mylyn.bugzilla.ui=HEAD,:pserver:anonymous@dev.eclipse.org:/cvsroot/tools,,org.eclipse.mylyn/org.eclipse.mylyn.bugzilla.ui
plugin@org.eclipse.mylyn.commons.core=HEAD,:pserver:anonymous@dev.eclipse.org:/cvsroot/tools,,org.eclipse.mylyn/org.eclipse.mylyn.commons.core
plugin@org.eclipse.mylyn.commons.net=HEAD,:pserver:anonymous@dev.eclipse.org:/cvsroot/tools,,org.eclipse.mylyn/org.eclipse.mylyn.commons.net
plugin@org.eclipse.mylyn.commons.soap=HEAD,:pserver:anonymous@dev.eclipse.org:/cvsroot/tools,,org.eclipse.mylyn/org.eclipse.mylyn.commons.soap
plugin@org.eclipse.mylyn.commons.xmlrpc=HEAD,:pserver:anonymous@dev.eclipse.org:/cvsroot/tools,,org.eclipse.mylyn/org.eclipse.mylyn.commons.xmlrpc
plugin@org.eclipse.mylyn.commons.ui=HEAD,:pserver:anonymous@dev.eclipse.org:/cvsroot/tools,,org.eclipse.mylyn/org.eclipse.mylyn.commons.ui
plugin@org.eclipse.mylyn.compatibility=HEAD,:pserver:anonymous@dev.eclipse.org:/cvsroot/tools,,org.eclipse.mylyn/org.eclipse.mylyn.compatibility
plugin@org.eclipse.mylyn.context.core=HEAD,:pserver:anonymous@dev.eclipse.org:/cvsroot/tools,,org.eclipse.mylyn/org.eclipse.mylyn.context.core
plugin@org.eclipse.mylyn.context.ui=HEAD,:pserver:anonymous@dev.eclipse.org:/cvsroot/tools,,org.eclipse.mylyn/org.eclipse.mylyn.context.ui
plugin@org.eclipse.mylyn.help.ui=HEAD,:pserver:anonymous@dev.eclipse.org:/cvsroot/tools,,org.eclipse.mylyn/org.eclipse.mylyn.help.ui
plugin@org.eclipse.mylyn.ide.ui=HEAD,:pserver:anonymous@dev.eclipse.org:/cvsroot/tools,,org.eclipse.mylyn/org.eclipse.mylyn.ide.ui
plugin@org.eclipse.mylyn.ide.ant=HEAD,:pserver:anonymous@dev.eclipse.org:/cvsroot/tools,,org.eclipse.mylyn/org.eclipse.mylyn.ide.ant
plugin@org.eclipse.mylyn.java.tasks=HEAD,:pserver:anonymous@dev.eclipse.org:/cvsroot/tools,,org.eclipse.mylyn/org.eclipse.mylyn.java.tasks
plugin@org.eclipse.mylyn.java.ui=HEAD,:pserver:anonymous@dev.eclipse.org:/cvsroot/tools,,org.eclipse.mylyn/org.eclipse.mylyn.java.ui
plugin@org.eclipse.mylyn.monitor.core=HEAD,:pserver:anonymous@dev.eclipse.org:/cvsroot/tools,,org.eclipse.mylyn/org.eclipse.mylyn.monitor.core
plugin@org.eclipse.mylyn.monitor.reports=HEAD,:pserver:anonymous@dev.eclipse.org:/cvsroot/tools,,org.eclipse.mylyn/sandbox/org.eclipse.mylyn.monitor.reports
plugin@org.eclipse.mylyn.monitor.ui=HEAD,:pserver:anonymous@dev.eclipse.org:/cvsroot/tools,,org.eclipse.mylyn/org.eclipse.mylyn.monitor.ui
plugin@org.eclipse.mylyn.monitor.usage=HEAD,:pserver:anonymous@dev.eclipse.org:/cvsroot/tools,,org.eclipse.mylyn/org.eclipse.mylyn.monitor.usage
plugin@org.eclipse.mylyn.pde.ui=HEAD,:pserver:anonymous@dev.eclipse.org:/cvsroot/tools,,org.eclipse.mylyn/org.eclipse.mylyn.pde.ui
plugin@org.eclipse.mylyn.resources.ui=HEAD,:pserver:anonymous@dev.eclipse.org:/cvsroot/tools,,org.eclipse.mylyn/org.eclipse.mylyn.resources.ui
plugin@org.eclipse.mylyn.sandbox.ui=HEAD,:pserver:anonymous@dev.eclipse.org:/cvsroot/tools,,org.eclipse.mylyn/sandbox/org.eclipse.mylyn.sandbox.ui
plugin@org.eclipse.mylyn.sandbox.dev=HEAD,:pserver:anonymous@dev.eclipse.org:/cvsroot/tools,,org.eclipse.mylyn/sandbox/org.eclipse.mylyn.sandbox.dev
plugin@org.eclipse.mylyn.tasks.bugs=HEAD,:pserver:anonymous@dev.eclipse.org:/cvsroot/tools,,org.eclipse.mylyn/org.eclipse.mylyn.tasks.bugs
plugin@org.eclipse.mylyn.tasks.core=HEAD,:pserver:anonymous@dev.eclipse.org:/cvsroot/tools,,org.eclipse.mylyn/org.eclipse.mylyn.tasks.core
plugin@org.eclipse.mylyn.tasks.ui=HEAD,:pserver:anonymous@dev.eclipse.org:/cvsroot/tools,,org.eclipse.mylyn/org.eclipse.mylyn.tasks.ui
plugin@org.eclipse.mylyn.tasks.search=HEAD,:pserver:anonymous@dev.eclipse.org:/cvsroot/tools,,org.eclipse.mylyn/org.eclipse.mylyn.tasks.search
plugin@org.eclipse.mylyn.team.cvs=HEAD,:pserver:anonymous@dev.eclipse.org:/cvsroot/tools,,org.eclipse.mylyn/org.eclipse.mylyn.team.cvs
plugin@org.eclipse.mylyn.team.ui=HEAD,:pserver:anonymous@dev.eclipse.org:/cvsroot/tools,,org.eclipse.mylyn/org.eclipse.mylyn.team.ui
plugin@org.eclipse.mylyn.trac.core=HEAD,:pserver:anonymous@dev.eclipse.org:/cvsroot/tools,,org.eclipse.mylyn/org.eclipse.mylyn.trac.core
plugin@org.eclipse.mylyn.trac.ui=HEAD,:pserver:anonymous@dev.eclipse.org:/cvsroot/tools,,org.eclipse.mylyn/org.eclipse.mylyn.trac.ui
plugin@org.eclipse.mylyn.trac.wiki=HEAD,:pserver:anonymous@dev.eclipse.org:/cvsroot/tools,,org.eclipse.mylyn/sandbox/org.eclipse.mylyn.trac.wiki
plugin@org.eclipse.mylyn.web.ui=HEAD,:pserver:anonymous@dev.eclipse.org:/cvsroot/tools,,org.eclipse.mylyn/org.eclipse.mylyn.web.ui
plugin@org.eclipse.mylyn.web.tasks=HEAD,:pserver:anonymous@dev.eclipse.org:/cvsroot/tools,,org.eclipse.mylyn/org.eclipse.mylyn.web.tasks
plugin@org.eclipse.mylyn.wikitext.confluence.core=HEAD,:pserver:anonymous@dev.eclipse.org:/cvsroot/tools,,org.eclipse.mylyn/org.eclipse.mylyn.wikitext.confluence.core
plugin@org.eclipse.mylyn.wikitext.confluence.ui=HEAD,:pserver:anonymous@dev.eclipse.org:/cvsroot/tools,,org.eclipse.mylyn/org.eclipse.mylyn.wikitext.confluence.ui
plugin@org.eclipse.mylyn.wikitext.core=HEAD,:pserver:anonymous@dev.eclipse.org:/cvsroot/tools,,org.eclipse.mylyn/org.eclipse.mylyn.wikitext.core
plugin@org.eclipse.mylyn.wikitext.mediawiki.core=HEAD,:pserver:anonymous@dev.eclipse.org:/cvsroot/tools,,org.eclipse.mylyn/org.eclipse.mylyn.wikitext.mediawiki.core
plugin@org.eclipse.mylyn.wikitext.mediawiki.ui=HEAD,:pserver:anonymous@dev.eclipse.org:/cvsroot/tools,,org.eclipse.mylyn/org.eclipse.mylyn.wikitext.mediawiki.ui
plugin@org.eclipse.mylyn.wikitext.tasks.ui=HEAD,:pserver:anonymous@dev.eclipse.org:/cvsroot/tools,,org.eclipse.mylyn/org.eclipse.mylyn.wikitext.tasks.ui
plugin@org.eclipse.mylyn.wikitext.textile.core=HEAD,:pserver:anonymous@dev.eclipse.org:/cvsroot/tools,,org.eclipse.mylyn/org.eclipse.mylyn.wikitext.textile.core
plugin@org.eclipse.mylyn.wikitext.textile.ui=HEAD,:pserver:anonymous@dev.eclipse.org:/cvsroot/tools,,org.eclipse.mylyn/org.eclipse.mylyn.wikitext.textile.ui
plugin@org.eclipse.mylyn.wikitext.tracwiki.core=HEAD,:pserver:anonymous@dev.eclipse.org:/cvsroot/tools,,org.eclipse.mylyn/org.eclipse.mylyn.wikitext.tracwiki.core
plugin@org.eclipse.mylyn.wikitext.tracwiki.ui=HEAD,:pserver:anonymous@dev.eclipse.org:/cvsroot/tools,,org.eclipse.mylyn/org.eclipse.mylyn.wikitext.tracwiki.ui
plugin@org.eclipse.mylyn.wikitext.twiki.core=HEAD,:pserver:anonymous@dev.eclipse.org:/cvsroot/tools,,org.eclipse.mylyn/org.eclipse.mylyn.wikitext.twiki.core
plugin@org.eclipse.mylyn.wikitext.twiki.ui=HEAD,:pserver:anonymous@dev.eclipse.org:/cvsroot/tools,,org.eclipse.mylyn/org.eclipse.mylyn.wikitext.twiki.ui
plugin@org.eclipse.mylyn.wikitext.ui=HEAD,:pserver:anonymous@dev.eclipse.org:/cvsroot/tools,,org.eclipse.mylyn/org.eclipse.mylyn.wikitext.ui
plugin@org.eclipse.mylyn.xplanner.core=HEAD,:pserver:anonymous@dev.eclipse.org:/cvsroot/tools,,org.eclipse.mylyn/sandbox/org.eclipse.mylyn.xplanner.core
plugin@org.eclipse.mylyn.xplanner.ui=HEAD,:pserver:anonymous@dev.eclipse.org:/cvsroot/tools,,org.eclipse.mylyn/sandbox/org.eclipse.mylyn.xplanner.ui

plugin@org.eclipse.mylyn.tests.util=HEAD,:pserver:anonymous@dev.eclipse.org:/cvsroot/tools,,org.eclipse.mylyn/org.eclipse.mylyn.tests.util
plugin@org.eclipse.mylyn.commons.tests=HEAD,:pserver:anonymous@dev.eclipse.org:/cvsroot/tools,,org.eclipse.mylyn/org.eclipse.mylyn.commons.tests
plugin@org.eclipse.mylyn.tests=HEAD,:pserver:anonymous@dev.eclipse.org:/cvsroot/tools,,org.eclipse.mylyn/org.eclipse.mylyn.tests
plugin@org.eclipse.mylyn.bugzilla.tests=HEAD,:pserver:anonymous@dev.eclipse.org:/cvsroot/tools,,org.eclipse.mylyn/org.eclipse.mylyn.bugzilla.tests
plugin@org.eclipse.mylyn.commons.tests=HEAD,:pserver:anonymous@dev.eclipse.org:/cvsroot/tools,,org.eclipse.mylyn/org.eclipse.mylyn.commons.tests
plugin@org.eclipse.mylyn.context.tests=HEAD,:pserver:anonymous@dev.eclipse.org:/cvsroot/tools,,org.eclipse.mylyn/org.eclipse.mylyn.context.tests
plugin@org.eclipse.mylyn.ide.tests=HEAD,:pserver:anonymous@dev.eclipse.org:/cvsroot/tools,,org.eclipse.mylyn/org.eclipse.mylyn.ide.tests
plugin@org.eclipse.mylyn.java.tests=HEAD,:pserver:anonymous@dev.eclipse.org:/cvsroot/tools,,org.eclipse.mylyn/org.eclipse.mylyn.java.tests
plugin@org.eclipse.mylyn.monitor.tests=HEAD,:pserver:anonymous@dev.eclipse.org:/cvsroot/tools,,org.eclipse.mylyn/org.eclipse.mylyn.monitor.tests
plugin@org.eclipse.mylyn.resources.tests=HEAD,:pserver:anonymous@dev.eclipse.org:/cvsroot/tools,,org.eclipse.mylyn/org.eclipse.mylyn.resources.tests
plugin@org.eclipse.mylyn.sandbox.tests=HEAD,:pserver:anonymous@dev.eclipse.org:/cvsroot/tools,,org.eclipse.mylyn/sandbox/org.eclipse.mylyn.sandbox.tests
plugin@org.eclipse.mylyn.tasks.tests=HEAD,:pserver:anonymous@dev.eclipse.org:/cvsroot/tools,,org.eclipse.mylyn/org.eclipse.mylyn.tasks.tests
plugin@org.eclipse.mylyn.team.tests=HEAD,:pserver:anonymous@dev.eclipse.org:/cvsroot/tools,,org.eclipse.mylyn/org.eclipse.mylyn.team.tests
plugin@org.eclipse.mylyn.trac.tests=HEAD,:pserver:anonymous@dev.eclipse.org:/cvsroot/tools,,org.eclipse.mylyn/org.eclipse.mylyn.trac.tests
plugin@org.eclipse.mylyn.wikitext.tests=HEAD,:pserver:anonymous@dev.eclipse.org:/cvsroot/tools,,org.eclipse.mylyn/org.eclipse.mylyn.wikitext.tests
plugin@org.eclipse.mylyn.xplanner.tests=HEAD,:pserver:anonymous@dev.eclipse.org:/cvsroot/tools,,org.eclipse.mylyn/sandbox/org.eclipse.mylyn.xplanner.tests
