!*******  FEATURES   ******** 
feature@org.eclipse.mylyn_feature=e_3_4_m_3_3_x,:pserver:anonymous@dev.eclipse.org:/cvsroot/tools,,org.eclipse.mylyn/org.eclipse.mylyn-feature
feature@org.eclipse.mylyn.context_feature=e_3_4_m_3_3_x,:pserver:anonymous@dev.eclipse.org:/cvsroot/tools,,org.eclipse.mylyn/org.eclipse.mylyn.context-feature
feature@org.eclipse.mylyn.bugzilla_feature=e_3_4_m_3_3_x,:pserver:anonymous@dev.eclipse.org:/cvsroot/tools,,org.eclipse.mylyn/org.eclipse.mylyn.bugzilla-feature
feature@org.eclipse.mylyn.java_feature=e_3_4_m_3_3_x,:pserver:anonymous@dev.eclipse.org:/cvsroot/tools,,org.eclipse.mylyn/org.eclipse.mylyn.java-feature
feature@org.eclipse.mylyn.team_feature=e_3_4_m_3_3_x,:pserver:anonymous@dev.eclipse.org:/cvsroot/tools,,org.eclipse.mylyn/org.eclipse.mylyn.team-feature
feature@org.eclipse.mylyn.ide_feature=e_3_4_m_3_3_x,:pserver:anonymous@dev.eclipse.org:/cvsroot/tools,,org.eclipse.mylyn/org.eclipse.mylyn.ide-feature
feature@org.eclipse.mylyn.pde_feature=e_3_4_m_3_3_x,:pserver:anonymous@dev.eclipse.org:/cvsroot/tools,,org.eclipse.mylyn/org.eclipse.mylyn.pde-feature
feature@org.eclipse.mylyn.sdk_feature=e_3_4_m_3_3_x,:pserver:anonymous@dev.eclipse.org:/cvsroot/tools,,org.eclipse.mylyn/org.eclipse.mylyn.sdk-feature

!******* EXTRAS ***********
feature@org.eclipse.mylyn.trac_feature=e_3_4_m_3_3_x,:pserver:anonymous@dev.eclipse.org:/cvsroot/tools,,org.eclipse.mylyn/org.eclipse.mylyn.trac-feature
feature@org.eclipse.mylyn.web.tasks_feature=e_3_4_m_3_3_x,:pserver:anonymous@dev.eclipse.org:/cvsroot/tools,,org.eclipse.mylyn/org.eclipse.mylyn.web.tasks-feature
feature@org.eclipse.mylyn.extras_sdk_feature=e_3_4_m_3_3_x,:pserver:anonymous@dev.eclipse.org:/cvsroot/tools,,org.eclipse.mylyn/org.eclipse.mylyn.extras-sdk-feature

!******* INCUBATOR *******
feature@org.eclipse.mylyn.monitor_feature=e_3_4_m_3_3_x,:pserver:anonymous@dev.eclipse.org:/cvsroot/tools,,org.eclipse.mylyn/org.eclipse.mylyn.monitor-feature
feature@org.eclipse.mylyn.xplanner_feature=e_3_4_m_3_3_x,:pserver:anonymous@dev.eclipse.org:/cvsroot/tools,,org.eclipse.mylyn/sandbox/org.eclipse.mylyn.xplanner-feature
feature@org.eclipse.mylyn.sandbox.ui_feature=e_3_4_m_3_3_x,:pserver:anonymous@dev.eclipse.org:/cvsroot/tools,,org.eclipse.mylyn/sandbox/org.eclipse.mylyn.sandbox.ui-feature
feature@org.eclipse.mylyn.sandbox.dev_feature=e_3_4_m_3_3_x,:pserver:anonymous@dev.eclipse.org:/cvsroot/tools,,org.eclipse.mylyn/sandbox/org.eclipse.mylyn.sandbox.dev-feature
feature@org.eclipse.mylyn.trac.wiki_feature=e_3_4_m_3_3_x,:pserver:anonymous@dev.eclipse.org:/cvsroot/tools,,org.eclipse.mylyn/sandbox/org.eclipse.mylyn.trac.wiki-feature
feature@org.eclipse.mylyn.wikitext_feature=e_3_4_m_3_3_x,:pserver:anonymous@dev.eclipse.org:/cvsroot/tools,,org.eclipse.mylyn/org.eclipse.mylyn.wikitext-feature
feature@org.eclipse.mylyn.experimental_sdk_feature=e_3_4_m_3_3_x,:pserver:anonymous@dev.eclipse.org:/cvsroot/tools,,org.eclipse.mylyn/sandbox/org.eclipse.mylyn.experimental-sdk-feature

!******* OTHER *******
feature@org.eclipse.mylyn.test_feature=e_3_4_m_3_3_x,:pserver:anonymous@dev.eclipse.org:/cvsroot/tools,,org.eclipse.mylyn/org.eclipse.mylyn.test-feature


!******* PLUGINS **********
plugin@org.eclipse.mylyn=e_3_4_m_3_3_x,:pserver:anonymous@dev.eclipse.org:/cvsroot/tools,,org.eclipse.mylyn/org.eclipse.mylyn
plugin@org.eclipse.mylyn.bugzilla.core=e_3_4_m_3_3_x,:pserver:anonymous@dev.eclipse.org:/cvsroot/tools,,org.eclipse.mylyn/org.eclipse.mylyn.bugzilla.core
plugin@org.eclipse.mylyn.bugzilla.ide=e_3_4_m_3_3_x,:pserver:anonymous@dev.eclipse.org:/cvsroot/tools,,org.eclipse.mylyn/org.eclipse.mylyn.bugzilla.ide
plugin@org.eclipse.mylyn.bugzilla.ui=e_3_4_m_3_3_x,:pserver:anonymous@dev.eclipse.org:/cvsroot/tools,,org.eclipse.mylyn/org.eclipse.mylyn.bugzilla.ui
plugin@org.eclipse.mylyn.commons.core=e_3_4_m_3_3_x,:pserver:anonymous@dev.eclipse.org:/cvsroot/tools,,org.eclipse.mylyn/org.eclipse.mylyn.commons.core
plugin@org.eclipse.mylyn.commons.net=e_3_4_m_3_3_x,:pserver:anonymous@dev.eclipse.org:/cvsroot/tools,,org.eclipse.mylyn/org.eclipse.mylyn.commons.net
plugin@org.eclipse.mylyn.commons.soap=e_3_4_m_3_3_x,:pserver:anonymous@dev.eclipse.org:/cvsroot/tools,,org.eclipse.mylyn/org.eclipse.mylyn.commons.soap
plugin@org.eclipse.mylyn.commons.ui=e_3_4_m_3_3_x,:pserver:anonymous@dev.eclipse.org:/cvsroot/tools,,org.eclipse.mylyn/org.eclipse.mylyn.commons.ui
plugin@org.eclipse.mylyn.compatibility=e_3_4_m_3_3_x,:pserver:anonymous@dev.eclipse.org:/cvsroot/tools,,org.eclipse.mylyn/org.eclipse.mylyn.compatibility
plugin@org.eclipse.mylyn.context.core=e_3_4_m_3_3_x,:pserver:anonymous@dev.eclipse.org:/cvsroot/tools,,org.eclipse.mylyn/org.eclipse.mylyn.context.core
plugin@org.eclipse.mylyn.context.ui=e_3_4_m_3_3_x,:pserver:anonymous@dev.eclipse.org:/cvsroot/tools,,org.eclipse.mylyn/org.eclipse.mylyn.context.ui
plugin@org.eclipse.mylyn.help.ui=e_3_4_m_3_3_x,:pserver:anonymous@dev.eclipse.org:/cvsroot/tools,,org.eclipse.mylyn/org.eclipse.mylyn.help.ui
plugin@org.eclipse.mylyn.ide.ui=e_3_4_m_3_3_x,:pserver:anonymous@dev.eclipse.org:/cvsroot/tools,,org.eclipse.mylyn/org.eclipse.mylyn.ide.ui
plugin@org.eclipse.mylyn.ide.ant=e_3_4_m_3_3_x,:pserver:anonymous@dev.eclipse.org:/cvsroot/tools,,org.eclipse.mylyn/org.eclipse.mylyn.ide.ant
plugin@org.eclipse.mylyn.java.tasks=e_3_4_m_3_3_x,:pserver:anonymous@dev.eclipse.org:/cvsroot/tools,,org.eclipse.mylyn/org.eclipse.mylyn.java.tasks
plugin@org.eclipse.mylyn.java.ui=e_3_4_m_3_3_x,:pserver:anonymous@dev.eclipse.org:/cvsroot/tools,,org.eclipse.mylyn/org.eclipse.mylyn.java.ui
plugin@org.eclipse.mylyn.monitor.core=e_3_4_m_3_3_x,:pserver:anonymous@dev.eclipse.org:/cvsroot/tools,,org.eclipse.mylyn/org.eclipse.mylyn.monitor.core
plugin@org.eclipse.mylyn.monitor.reports=e_3_4_m_3_3_x,:pserver:anonymous@dev.eclipse.org:/cvsroot/tools,,org.eclipse.mylyn/sandbox/org.eclipse.mylyn.monitor.reports
plugin@org.eclipse.mylyn.monitor.ui=e_3_4_m_3_3_x,:pserver:anonymous@dev.eclipse.org:/cvsroot/tools,,org.eclipse.mylyn/org.eclipse.mylyn.monitor.ui
plugin@org.eclipse.mylyn.monitor.usage=e_3_4_m_3_3_x,:pserver:anonymous@dev.eclipse.org:/cvsroot/tools,,org.eclipse.mylyn/org.eclipse.mylyn.monitor.usage
plugin@org.eclipse.mylyn.pde.ui=e_3_4_m_3_3_x,:pserver:anonymous@dev.eclipse.org:/cvsroot/tools,,org.eclipse.mylyn/org.eclipse.mylyn.pde.ui
plugin@org.eclipse.mylyn.resources.ui=e_3_4_m_3_3_x,:pserver:anonymous@dev.eclipse.org:/cvsroot/tools,,org.eclipse.mylyn/org.eclipse.mylyn.resources.ui
plugin@org.eclipse.mylyn.sandbox.ui=e_3_4_m_3_3_x,:pserver:anonymous@dev.eclipse.org:/cvsroot/tools,,org.eclipse.mylyn/sandbox/org.eclipse.mylyn.sandbox.ui
plugin@org.eclipse.mylyn.sandbox.dev=e_3_4_m_3_3_x,:pserver:anonymous@dev.eclipse.org:/cvsroot/tools,,org.eclipse.mylyn/sandbox/org.eclipse.mylyn.sandbox.dev
plugin@org.eclipse.mylyn.tasks.bugs=e_3_4_m_3_3_x,:pserver:anonymous@dev.eclipse.org:/cvsroot/tools,,org.eclipse.mylyn/org.eclipse.mylyn.tasks.bugs
plugin@org.eclipse.mylyn.tasks.core=e_3_4_m_3_3_x,:pserver:anonymous@dev.eclipse.org:/cvsroot/tools,,org.eclipse.mylyn/org.eclipse.mylyn.tasks.core
plugin@org.eclipse.mylyn.tasks.ui=e_3_4_m_3_3_x,:pserver:anonymous@dev.eclipse.org:/cvsroot/tools,,org.eclipse.mylyn/org.eclipse.mylyn.tasks.ui
plugin@org.eclipse.mylyn.team.cvs=e_3_4_m_3_3_x,:pserver:anonymous@dev.eclipse.org:/cvsroot/tools,,org.eclipse.mylyn/org.eclipse.mylyn.team.cvs
plugin@org.eclipse.mylyn.team.ui=e_3_4_m_3_3_x,:pserver:anonymous@dev.eclipse.org:/cvsroot/tools,,org.eclipse.mylyn/org.eclipse.mylyn.team.ui
plugin@org.eclipse.mylyn.trac.core=e_3_4_m_3_3_x,:pserver:anonymous@dev.eclipse.org:/cvsroot/tools,,org.eclipse.mylyn/org.eclipse.mylyn.trac.core
plugin@org.eclipse.mylyn.trac.ui=e_3_4_m_3_3_x,:pserver:anonymous@dev.eclipse.org:/cvsroot/tools,,org.eclipse.mylyn/org.eclipse.mylyn.trac.ui
plugin@org.eclipse.mylyn.trac.wiki=e_3_4_m_3_3_x,:pserver:anonymous@dev.eclipse.org:/cvsroot/tools,,org.eclipse.mylyn/sandbox/org.eclipse.mylyn.trac.wiki
plugin@org.eclipse.mylyn.web.ui=e_3_4_m_3_3_x,:pserver:anonymous@dev.eclipse.org:/cvsroot/tools,,org.eclipse.mylyn/org.eclipse.mylyn.web.ui
plugin@org.eclipse.mylyn.web.tasks=e_3_4_m_3_3_x,:pserver:anonymous@dev.eclipse.org:/cvsroot/tools,,org.eclipse.mylyn/org.eclipse.mylyn.web.tasks
plugin@org.eclipse.mylyn.wikitext.confluence.core=e_3_4_m_3_3_x,:pserver:anonymous@dev.eclipse.org:/cvsroot/tools,,org.eclipse.mylyn/org.eclipse.mylyn.wikitext.confluence.core
plugin@org.eclipse.mylyn.wikitext.confluence.ui=e_3_4_m_3_3_x,:pserver:anonymous@dev.eclipse.org:/cvsroot/tools,,org.eclipse.mylyn/org.eclipse.mylyn.wikitext.confluence.ui
plugin@org.eclipse.mylyn.wikitext.core=e_3_4_m_3_3_x,:pserver:anonymous@dev.eclipse.org:/cvsroot/tools,,org.eclipse.mylyn/org.eclipse.mylyn.wikitext.core
plugin@org.eclipse.mylyn.wikitext.mediawiki.core=e_3_4_m_3_3_x,:pserver:anonymous@dev.eclipse.org:/cvsroot/tools,,org.eclipse.mylyn/org.eclipse.mylyn.wikitext.mediawiki.core
plugin@org.eclipse.mylyn.wikitext.mediawiki.ui=e_3_4_m_3_3_x,:pserver:anonymous@dev.eclipse.org:/cvsroot/tools,,org.eclipse.mylyn/org.eclipse.mylyn.wikitext.mediawiki.ui
plugin@org.eclipse.mylyn.wikitext.tasks.ui=e_3_4_m_3_3_x,:pserver:anonymous@dev.eclipse.org:/cvsroot/tools,,org.eclipse.mylyn/org.eclipse.mylyn.wikitext.tasks.ui
plugin@org.eclipse.mylyn.wikitext.textile.core=e_3_4_m_3_3_x,:pserver:anonymous@dev.eclipse.org:/cvsroot/tools,,org.eclipse.mylyn/org.eclipse.mylyn.wikitext.textile.core
plugin@org.eclipse.mylyn.wikitext.textile.ui=e_3_4_m_3_3_x,:pserver:anonymous@dev.eclipse.org:/cvsroot/tools,,org.eclipse.mylyn/org.eclipse.mylyn.wikitext.textile.ui
plugin@org.eclipse.mylyn.wikitext.tracwiki.core=e_3_4_m_3_3_x,:pserver:anonymous@dev.eclipse.org:/cvsroot/tools,,org.eclipse.mylyn/org.eclipse.mylyn.wikitext.tracwiki.core
plugin@org.eclipse.mylyn.wikitext.tracwiki.ui=e_3_4_m_3_3_x,:pserver:anonymous@dev.eclipse.org:/cvsroot/tools,,org.eclipse.mylyn/org.eclipse.mylyn.wikitext.tracwiki.ui
plugin@org.eclipse.mylyn.wikitext.twiki.core=e_3_4_m_3_3_x,:pserver:anonymous@dev.eclipse.org:/cvsroot/tools,,org.eclipse.mylyn/org.eclipse.mylyn.wikitext.twiki.core
plugin@org.eclipse.mylyn.wikitext.twiki.ui=e_3_4_m_3_3_x,:pserver:anonymous@dev.eclipse.org:/cvsroot/tools,,org.eclipse.mylyn/org.eclipse.mylyn.wikitext.twiki.ui
plugin@org.eclipse.mylyn.wikitext.ui=e_3_4_m_3_3_x,:pserver:anonymous@dev.eclipse.org:/cvsroot/tools,,org.eclipse.mylyn/org.eclipse.mylyn.wikitext.ui
plugin@org.eclipse.mylyn.xplanner.core=e_3_4_m_3_3_x,:pserver:anonymous@dev.eclipse.org:/cvsroot/tools,,org.eclipse.mylyn/sandbox/org.eclipse.mylyn.xplanner.core
plugin@org.eclipse.mylyn.xplanner.ui=e_3_4_m_3_3_x,:pserver:anonymous@dev.eclipse.org:/cvsroot/tools,,org.eclipse.mylyn/sandbox/org.eclipse.mylyn.xplanner.ui

plugin@org.eclipse.mylyn.tests.util=e_3_4_m_3_3_x,:pserver:anonymous@dev.eclipse.org:/cvsroot/tools,,org.eclipse.mylyn/org.eclipse.mylyn.tests.util
plugin@org.eclipse.mylyn.commons.tests=e_3_4_m_3_3_x,:pserver:anonymous@dev.eclipse.org:/cvsroot/tools,,org.eclipse.mylyn/org.eclipse.mylyn.commons.tests
plugin@org.eclipse.mylyn.tests=e_3_4_m_3_3_x,:pserver:anonymous@dev.eclipse.org:/cvsroot/tools,,org.eclipse.mylyn/org.eclipse.mylyn.tests
plugin@org.eclipse.mylyn.bugzilla.tests=e_3_4_m_3_3_x,:pserver:anonymous@dev.eclipse.org:/cvsroot/tools,,org.eclipse.mylyn/org.eclipse.mylyn.bugzilla.tests
plugin@org.eclipse.mylyn.commons.tests=e_3_4_m_3_3_x,:pserver:anonymous@dev.eclipse.org:/cvsroot/tools,,org.eclipse.mylyn/org.eclipse.mylyn.commons.tests
plugin@org.eclipse.mylyn.context.tests=e_3_4_m_3_3_x,:pserver:anonymous@dev.eclipse.org:/cvsroot/tools,,org.eclipse.mylyn/org.eclipse.mylyn.context.tests
plugin@org.eclipse.mylyn.ide.tests=e_3_4_m_3_3_x,:pserver:anonymous@dev.eclipse.org:/cvsroot/tools,,org.eclipse.mylyn/org.eclipse.mylyn.ide.tests
plugin@org.eclipse.mylyn.java.tests=e_3_4_m_3_3_x,:pserver:anonymous@dev.eclipse.org:/cvsroot/tools,,org.eclipse.mylyn/org.eclipse.mylyn.java.tests
plugin@org.eclipse.mylyn.monitor.tests=e_3_4_m_3_3_x,:pserver:anonymous@dev.eclipse.org:/cvsroot/tools,,org.eclipse.mylyn/org.eclipse.mylyn.monitor.tests
plugin@org.eclipse.mylyn.resources.tests=e_3_4_m_3_3_x,:pserver:anonymous@dev.eclipse.org:/cvsroot/tools,,org.eclipse.mylyn/org.eclipse.mylyn.resources.tests
plugin@org.eclipse.mylyn.sandbox.tests=e_3_4_m_3_3_x,:pserver:anonymous@dev.eclipse.org:/cvsroot/tools,,org.eclipse.mylyn/sandbox/org.eclipse.mylyn.sandbox.tests
plugin@org.eclipse.mylyn.tasks.tests=e_3_4_m_3_3_x,:pserver:anonymous@dev.eclipse.org:/cvsroot/tools,,org.eclipse.mylyn/org.eclipse.mylyn.tasks.tests
plugin@org.eclipse.mylyn.team.tests=e_3_4_m_3_3_x,:pserver:anonymous@dev.eclipse.org:/cvsroot/tools,,org.eclipse.mylyn/org.eclipse.mylyn.team.tests
plugin@org.eclipse.mylyn.trac.tests=e_3_4_m_3_3_x,:pserver:anonymous@dev.eclipse.org:/cvsroot/tools,,org.eclipse.mylyn/org.eclipse.mylyn.trac.tests
plugin@org.eclipse.mylyn.wikitext.tests=e_3_4_m_3_3_x,:pserver:anonymous@dev.eclipse.org:/cvsroot/tools,,org.eclipse.mylyn/org.eclipse.mylyn.wikitext.tests
plugin@org.eclipse.mylyn.xplanner.tests=e_3_4_m_3_3_x,:pserver:anonymous@dev.eclipse.org:/cvsroot/tools,,org.eclipse.mylyn/sandbox/org.eclipse.mylyn.xplanner.tests

