!*******  FEATURES   ******** 
feature@org.eclipse.mylyn_feature=COPY,@buildDirectory@/../../../../mylyn/master/org.eclipse.mylyn.tasks, org.eclipse.mylyn-feature
feature@org.eclipse.mylyn.context_feature=COPY,@buildDirectory@/../../../../mylyn/master/org.eclipse.mylyn.contexts, org.eclipse.mylyn.context-feature
feature@org.eclipse.mylyn.bugzilla_feature=COPY,@buildDirectory@/../../../../mylyn/master/org.eclipse.mylyn.tasks, org.eclipse.mylyn.bugzilla-feature
feature@org.eclipse.mylyn.java_feature=COPY,@buildDirectory@/../../../../mylyn/master/org.eclipse.mylyn.context, org.eclipse.mylyn.java-feature
feature@org.eclipse.mylyn.team_feature=COPY,@buildDirectory@/../../../../mylyn/master/org.eclipse.mylyn.context, org.eclipse.mylyn.team-feature
feature@org.eclipse.mylyn.ide_feature=COPY,@buildDirectory@/../../../../mylyn/master/org.eclipse.mylyn.context, org.eclipse.mylyn.ide-feature
feature@org.eclipse.mylyn.pde_feature=COPY,@buildDirectory@/../../../../mylyn/master/org.eclipse.mylyn.context, org.eclipse.mylyn.pde-feature
feature@org.eclipse.mylyn.sdk_feature=COPY,@buildDirectory@/../../../../mylyn/master/org.eclipse.mylyn.tasks, org.eclipse.mylyn.sdk-feature
feature@org.eclipse.mylyn.commons_feature=COPY,@buildDirectory@/../../../../mylyn/master/org.eclipse.mylyn.commons, org.eclipse.mylyn.commons-feature
feature@org.eclipse.mylyn.commons.repositories_feature=COPY,@buildDirectory@/../../../../mylyn/master/org.eclipse.mylyn.commons, org.eclipse.mylyn.commons.repositories-feature
feature@org.eclipse.mylyn.commons.sdk=COPY,@buildDirectory@/../../../../mylyn/master/org.eclipse.mylyn.commons, org.eclipse.mylyn.commons.sdk-feature

!******* EXTRAS ***********
feature@org.eclipse.mylyn.trac_feature=COPY,@buildDirectory@/../../../../mylyn/master/org.eclipse.mylyn.tasks, org.eclipse.mylyn.trac-feature
feature@org.eclipse.mylyn.web.tasks_feature=COPY,@buildDirectory@/../../../../mylyn/master/org.eclipse.mylyn.incubator, org.eclipse.mylyn.web.tasks-feature
!feature@org.eclipse.mylyn.extras_sdk_feature=e_3_7_m_3_6_x,:pserver:anonymous@dev.eclipse.org:/cvsroot/tools,,org.eclipse.mylyn/org.eclipse.mylyn.extras-sdk-feature

!******* INCUBATOR *******
feature@org.eclipse.mylyn.monitor_feature=COPY,@buildDirectory@/../../../../mylyn/master/org.eclipse.mylyn.commons, org.eclipse.mylyn.monitor-feature
!feature@org.eclipse.mylyn.xplanner_feature=e_3_7_m_3_6_x,:pserver:anonymous@dev.eclipse.org:/cvsroot/tools,,org.eclipse.mylyn/sandbox/org.eclipse.mylyn.xplanner-feature
feature@org.eclipse.mylyn.sandbox.ui_feature=COPY,@buildDirectory@/../../../../mylyn/master/org.eclipse.mylyn.incubator, org.eclipse.mylyn.sandbox.ui-feature
feature@org.eclipse.mylyn.sandbox.dev_feature=COPY,@buildDirectory@/../../../../mylyn/master/org.eclipse.mylyn.incubator, org.eclipse.mylyn.sandbox.dev-feature
feature@org.eclipse.mylyn.trac.wiki_feature=COPY,@buildDirectory@/../../../../mylyn/master/org.eclipse.mylyn.incubator, org.eclipse.mylyn.trac.wiki-feature
feature@org.eclipse.mylyn.wikitext_feature=COPY,@buildDirectory@/../../../../mylyn/master/org.eclipse.mylyn.docs, org.eclipse.mylyn.wikitext-feature
feature@org.eclipse.mylyn.experimental_sdk_feature=COPY,@buildDirectory@/../../../../mylyn/master/org.eclipse.mylyn.incubator, org.eclipse.mylyn.experimental-sdk-feature

!******* OTHER *******
!feature@org.eclipse.mylyn.test_feature=e_3_7_m_3_6_x,:pserver:anonymous@dev.eclipse.org:/cvsroot/tools,,org.eclipse.mylyn/org.eclipse.mylyn.test-feature


!******* PLUGINS **********
plugin@org.eclipse.mylyn.commons.sdk.util=COPY,@buildDirectory@/../../../../mylyn/master/org.eclipse.mylyn.commons, org.eclipse.mylyn.commons.sdk.util
plugin@org.eclipse.mylyn=COPY,@buildDirectory@/../../../../mylyn/master/org.eclipse.mylyn.commons, org.eclipse.mylyn
plugin@org.eclipse.mylyn.bugzilla.core=COPY,@buildDirectory@/../../../../mylyn/master/org.eclipse.mylyn.tasks, org.eclipse.mylyn.bugzilla.core
plugin@org.eclipse.mylyn.bugzilla.ide=COPY,@buildDirectory@/../../../../mylyn/master/org.eclipse.mylyn.context, org.eclipse.mylyn.bugzilla.ide
plugin@org.eclipse.mylyn.bugzilla.ui=COPY,@buildDirectory@/../../../../mylyn/master/org.eclipse.mylyn.tasks, org.eclipse.mylyn.bugzilla.ui
plugin@org.eclipse.mylyn.commons.core=COPY,@buildDirectory@/../../../../mylyn/master/org.eclipse.mylyn.commons, org.eclipse.mylyn.commons.core
plugin@org.eclipse.mylyn.commons.identity.core=COPY,@buildDirectory@/../../../../mylyn/master/org.eclipse.mylyn.commons, org.eclipse.mylyn.commons.identity.core
plugin@org.eclipse.mylyn.commons.net=COPY,@buildDirectory@/../../../../mylyn/master/org.eclipse.mylyn.commons, org.eclipse.mylyn.commons.net
plugin@org.eclipse.mylyn.commons.notifications.ui=COPY,@buildDirectory@/../../../../mylyn/master/org.eclipse.mylyn.commons, org.eclipse.mylyn.commons.notifications.ui
plugin@org.eclipse.mylyn.commons.notifications.core=COPY,@buildDirectory@/../../../../mylyn/master/org.eclipse.mylyn.commons, org.eclipse.mylyn.commons.notifications.core
plugin@org.eclipse.mylyn.commons.soap=COPY,@buildDirectory@/../../../../mylyn/master/org.eclipse.mylyn.commons, org.eclipse.mylyn.commons.soap
plugin@org.eclipse.mylyn.commons.xmlrpc=COPY,@buildDirectory@/../../../../mylyn/master/org.eclipse.mylyn.commons, org.eclipse.mylyn.commons.xmlrpc
plugin@org.eclipse.mylyn.commons.repositories.core=COPY,@buildDirectory@/../../../../mylyn/master/org.eclipse.mylyn.commons, org.eclipse.mylyn.commons.repositories.core
plugin@org.eclipse.mylyn.commons.ui=COPY,@buildDirectory@/../../../../mylyn/master/org.eclipse.mylyn.commons, org.eclipse.mylyn.commons.ui
plugin@org.eclipse.mylyn.commons.screenshots=COPY,@buildDirectory@/../../../../mylyn/master/org.eclipse.mylyn.commons, org.eclipse.mylyn.commons.screenshots
plugin@org.eclipse.mylyn.commons.repositories.ui=COPY,@buildDirectory@/../../../../mylyn/master/org.eclipse.mylyn.commons, org.eclipse.mylyn.commons.repositories.ui
plugin@org.eclipse.mylyn.commons.workbench=COPY,@buildDirectory@/../../../../mylyn/master/org.eclipse.mylyn.commons, org.eclipse.mylyn.commons.workbench
!plugin@org.eclipse.mylyn.compatibility=e_3_7_m_3_6_x,:pserver:anonymous@dev.eclipse.org:/cvsroot/tools,,org.eclipse.mylyn/zArchive/org.eclipse.mylyn.compatibility
plugin@org.eclipse.mylyn.context.core=COPY,@buildDirectory@/../../../../mylyn/master/org.eclipse.mylyn.context, org.eclipse.mylyn.context.core
plugin@org.eclipse.mylyn.context.ui=COPY,@buildDirectory@/../../../../mylyn/master/org.eclipse.mylyn.context, org.eclipse.mylyn.context.ui
plugin@org.eclipse.mylyn.discovery.core=COPY,@buildDirectory@/../../../../mylyn/master/org.eclipse.mylyn.commons, org.eclipse.mylyn.discovery.core
plugin@org.eclipse.mylyn.discovery.ui=COPY,@buildDirectory@/../../../../mylyn/master/org.eclipse.mylyn.commons, org.eclipse.mylyn.discovery.ui
!plugin@org.eclipse.mylyn.help.ui=COPY,@buildDirectory@/../../../../mylyn/master/org.eclipse.mylyn, org.eclipse.mylyn.help.ui
plugin@org.eclipse.mylyn.ide.ui=COPY,@buildDirectory@/../../../../mylyn/master/org.eclipse.mylyn.context, org.eclipse.mylyn.ide.ui
plugin@org.eclipse.mylyn.ide.ant=COPY,@buildDirectory@/../../../../mylyn/master/org.eclipse.mylyn.context, org.eclipse.mylyn.ide.ant
plugin@org.eclipse.mylyn.java.tasks=COPY,@buildDirectory@/../../../../mylyn/master/org.eclipse.mylyn.context, org.eclipse.mylyn.java.tasks
plugin@org.eclipse.mylyn.java.ui=COPY,@buildDirectory@/../../../../mylyn/master/org.eclipse.mylyn.context, org.eclipse.mylyn.java.ui
plugin@org.eclipse.mylyn.monitor.core=COPY,@buildDirectory@/../../../../mylyn/master/org.eclipse.mylyn.commons, org.eclipse.mylyn.monitor.core
plugin@org.eclipse.mylyn.monitor.reports=COPY,@buildDirectory@/../../../../mylyn/master/org.eclipse.mylyn.incubator, org.eclipse.mylyn.monitor.reports
plugin@org.eclipse.mylyn.monitor.ui=COPY,@buildDirectory@/../../../../mylyn/master/org.eclipse.mylyn.commons, org.eclipse.mylyn.monitor.ui
!plugin@org.eclipse.mylyn.monitor.usage=e_3_7_m_3_6_x,:pserver:anonymous@dev.eclipse.org:/cvsroot/mylyn,,org.eclipse.mylyn.incubator/org.eclipse.mylyn.monitor.usage
plugin@org.eclipse.mylyn.monitor.usage=COPY,@buildDirectory@/../../../../mylyn/master/org.eclipse.mylyn.incubator, org.eclipse.mylyn.monitor.usage
plugin@org.eclipse.mylyn.pde.ui=COPY,@buildDirectory@/../../../../mylyn/master/org.eclipse.mylyn.context, org.eclipse.mylyn.pde.ui
plugin@org.eclipse.mylyn.resources.ui=COPY,@buildDirectory@/../../../../mylyn/master/org.eclipse.mylyn.context, org.eclipse.mylyn.resources.ui
plugin@org.eclipse.mylyn.sandbox.ui=COPY,@buildDirectory@/../../../../mylyn/master/org.eclipse.mylyn.incubator, org.eclipse.mylyn.sandbox.ui
plugin@org.eclipse.mylyn.sandbox.dev=COPY,@buildDirectory@/../../../../mylyn/master/org.eclipse.mylyn.incubator, org.eclipse.mylyn.sandbox.dev
plugin@org.eclipse.mylyn.tasks.bugs=COPY,@buildDirectory@/../../../../mylyn/master/org.eclipse.mylyn.tasks, org.eclipse.mylyn.tasks.bugs
plugin@org.eclipse.mylyn.tasks.core=COPY,@buildDirectory@/../../../../mylyn/master/org.eclipse.mylyn.tasks, org.eclipse.mylyn.tasks.core
plugin@org.eclipse.mylyn.tasks.ui=COPY,@buildDirectory@/../../../../mylyn/master/org.eclipse.mylyn.tasks, org.eclipse.mylyn.tasks.ui
plugin@org.eclipse.mylyn.tasks.search=COPY,@buildDirectory@/../../../../mylyn/master/org.eclipse.mylyn.tasks, org.eclipse.mylyn.tasks.search
plugin@org.eclipse.mylyn.team.cvs=COPY,@buildDirectory@/../../../../mylyn/master/org.eclipse.mylyn.context, org.eclipse.mylyn.team.cvs
plugin@org.eclipse.mylyn.team.ui=COPY,@buildDirectory@/../../../../mylyn/master/org.eclipse.mylyn.context, org.eclipse.mylyn.team.ui
plugin@org.eclipse.mylyn.trac.core=COPY,@buildDirectory@/../../../../mylyn/master/org.eclipse.mylyn.tasks, org.eclipse.mylyn.trac.core
plugin@org.eclipse.mylyn.trac.ui=COPY,@buildDirectory@/../../../../mylyn/master/org.eclipse.mylyn.tasks, org.eclipse.mylyn.trac.ui
plugin@org.eclipse.mylyn.trac.wiki=COPY,@buildDirectory@/../../../../mylyn/master/org.eclipse.mylyn.incubator, org.eclipse.mylyn.trac.wiki
!plugin@org.eclipse.mylyn.web.ui=e_3_7_m_3_6_x,:pserver:anonymous@dev.eclipse.org:/cvsroot/tools,,org.eclipse.mylyn/zArchive/org.eclipse.mylyn.web.ui
plugin@org.eclipse.mylyn.web.tasks=COPY,@buildDirectory@/../../../../mylyn/master/org.eclipse.mylyn.incubator, org.eclipse.mylyn.web.tasks
plugin@org.eclipse.mylyn.wikitext.confluence.core=COPY,@buildDirectory@/../../../../mylyn/master/org.eclipse.mylyn.docs, org.eclipse.mylyn.wikitext.confluence.core
plugin@org.eclipse.mylyn.wikitext.confluence.ui=COPY,@buildDirectory@/../../../../mylyn/master/org.eclipse.mylyn.docs, org.eclipse.mylyn.wikitext.confluence.ui
plugin@org.eclipse.mylyn.wikitext.core=COPY,@buildDirectory@/../../../../mylyn/master/org.eclipse.mylyn.docs, org.eclipse.mylyn.wikitext.core
plugin@org.eclipse.mylyn.wikitext.mediawiki.core=COPY,@buildDirectory@/../../../../mylyn/master/org.eclipse.mylyn.docs, org.eclipse.mylyn.wikitext.mediawiki.core
plugin@org.eclipse.mylyn.wikitext.mediawiki.ui=COPY,@buildDirectory@/../../../../mylyn/master/org.eclipse.mylyn.docs, org.eclipse.mylyn.wikitext.mediawiki.ui
plugin@org.eclipse.mylyn.wikitext.tasks.ui=COPY,@buildDirectory@/../../../../mylyn/master/org.eclipse.mylyn.docs, org.eclipse.mylyn.wikitext.tasks.ui
plugin@org.eclipse.mylyn.wikitext.textile.core=COPY,@buildDirectory@/../../../../mylyn/master/org.eclipse.mylyn.docs, org.eclipse.mylyn.wikitext.textile.core
plugin@org.eclipse.mylyn.wikitext.textile.ui=COPY,@buildDirectory@/../../../../mylyn/master/org.eclipse.mylyn.docs, org.eclipse.mylyn.wikitext.textile.ui
plugin@org.eclipse.mylyn.wikitext.tracwiki.core=COPY,@buildDirectory@/../../../../mylyn/master/org.eclipse.mylyn.docs, org.eclipse.mylyn.wikitext.tracwiki.core
plugin@org.eclipse.mylyn.wikitext.tracwiki.ui=COPY,@buildDirectory@/../../../../mylyn/master/org.eclipse.mylyn.docs, org.eclipse.mylyn.wikitext.tracwiki.ui
plugin@org.eclipse.mylyn.wikitext.twiki.core=COPY,@buildDirectory@/../../../../mylyn/master/org.eclipse.mylyn.docs, org.eclipse.mylyn.wikitext.twiki.core
plugin@org.eclipse.mylyn.wikitext.twiki.ui=COPY,@buildDirectory@/../../../../mylyn/master/org.eclipse.mylyn.docs, org.eclipse.mylyn.wikitext.twiki.ui
plugin@org.eclipse.mylyn.wikitext.ui=COPY,@buildDirectory@/../../../../mylyn/master/org.eclipse.mylyn.docs, org.eclipse.mylyn.wikitext.ui
!plugin@org.eclipse.mylyn.xplanner.core=e_3_7_m_3_6_x,:pserver:anonymous@dev.eclipse.org:/cvsroot/tools,,org.eclipse.mylyn/sandbox/org.eclipse.mylyn.xplanner.core
!plugin@org.eclipse.mylyn.xplanner.ui=e_3_7_m_3_6_x,:pserver:anonymous@dev.eclipse.org:/cvsroot/tools,,org.eclipse.mylyn/sandbox/org.eclipse.mylyn.xplanner.ui

plugin@org.eclipse.mylyn.tests.util=COPY,@buildDirectory@/../../../../mylyn/master/org.eclipse.mylyn.tasks, org.eclipse.mylyn.tests.util
plugin@org.eclipse.mylyn.commons.tests=COPY,@buildDirectory@/../../../../mylyn/master/org.eclipse.mylyn.commons, org.eclipse.mylyn.commons.tests
plugin@org.eclipse.mylyn.tests=COPY,@buildDirectory@/../../../../mylyn/master/org.eclipse.mylyn, org.eclipse.mylyn.tests
plugin@org.eclipse.mylyn.bugzilla.tests=COPY,@buildDirectory@/../../../../mylyn/master/org.eclipse.mylyn.tasks, org.eclipse.mylyn.bugzilla.tests
plugin@org.eclipse.mylyn.context.tests=COPY,@buildDirectory@/../../../../mylyn/master/org.eclipse.mylyn.context, org.eclipse.mylyn.context.tests
plugin@org.eclipse.mylyn.ide.tests=COPY,@buildDirectory@/../../../../mylyn/master/org.eclipse.mylyn.context, org.eclipse.mylyn.ide.tests
plugin@org.eclipse.mylyn.java.tests=COPY,@buildDirectory@/../../../../mylyn/master/org.eclipse.mylyn.context, org.eclipse.mylyn.java.tests
plugin@org.eclipse.mylyn.monitor.tests=COPY,@buildDirectory@/../../../../mylyn/master/org.eclipse.mylyn.commons, org.eclipse.mylyn.monitor.tests
plugin@org.eclipse.mylyn.resources.tests=COPY,@buildDirectory@/../../../../mylyn/master/org.eclipse.mylyn.context, org.eclipse.mylyn.resources.tests
plugin@org.eclipse.mylyn.sandbox.tests=COPY,@buildDirectory@/../../../../mylyn/master/org.eclipse.mylyn.incubator, org.eclipse.mylyn.sandbox.tests
plugin@org.eclipse.mylyn.tasks.tests=COPY,@buildDirectory@/../../../../mylyn/master/org.eclipse.mylyn.tasks, org.eclipse.mylyn.tasks.tests
plugin@org.eclipse.mylyn.team.tests=COPY,@buildDirectory@/../../../../mylyn/master/org.eclipse.mylyn.context, org.eclipse.mylyn.team.tests
plugin@org.eclipse.mylyn.context.sdk.java=COPY,@buildDirectory@/../../../../mylyn/master/org.eclipse.mylyn.context, org.eclipse.mylyn.context.sdk.java
plugin@org.eclipse.mylyn.trac.tests=COPY,@buildDirectory@/../../../../mylyn/master/org.eclipse.mylyn.tasks, org.eclipse.mylyn.trac.tests
plugin@org.eclipse.mylyn.wikitext.tests==COPY,@buildDirectory@/../../../../mylyn/master/org.eclipse.mylyn.docs, org.eclipse.mylyn.wikitext.tests
!plugin@org.eclipse.mylyn.xplanner.tests=e_3_7_m_3_6_x,:pserver:anonymous@dev.eclipse.org:/cvsroot/tools,,org.eclipse.mylyn/zArchive/org.eclipse.mylyn.xplanner.tests
